CRITICAL - 2026-09-01 05:34:16 --> CodeIgniter\HTTP\Exceptions\BadRequestException: The URI you submitted has disallowed characters: "Shepherd’s-Call-diocesan-newsletter.png"
[Method: GET, Route: Shepherd%E2%80%99s-Call-diocesan-newsletter.png]
in SYSTEMPATH\Router\Router.php on line 766.
 1 SYSTEMPATH\Router\Router.php(217): CodeIgniter\Router\Router->checkDisallowedChars('Shepherd’s-Call-diocesan-newsletter.png')
 2 SYSTEMPATH\CodeIgniter.php(852): CodeIgniter\Router\Router->handle('Shepherd’s-Call-diocesan-newsletter.png')
 3 SYSTEMPATH\CodeIgniter.php(464): CodeIgniter\CodeIgniter->tryToRouteIt(Object(CodeIgniter\Router\RouteCollection))
 4 SYSTEMPATH\CodeIgniter.php(363): CodeIgniter\CodeIgniter->handleRequest(null, Object(Config\Cache), false)
 5 SYSTEMPATH\Boot.php(417): CodeIgniter\CodeIgniter->run()
 6 SYSTEMPATH\Boot.php(68): CodeIgniter\Boot::runCodeIgniter(Object(CodeIgniter\CodeIgniter))
 7 FCPATH\index.php(59): CodeIgniter\Boot::bootWeb(Object(Config\Paths))
 8 SYSTEMPATH\rewrite.php(44): require_once('C:\\Users\\dell\\Downloads\\diocese\\diocese\\diocese\\public\\index.php')
CRITICAL - 2026-09-01 05:36:35 --> CodeIgniter\HTTP\Exceptions\BadRequestException: The URI you submitted has disallowed characters: "Shepherd’s-Call-diocesan-newsletter.png"
[Method: GET, Route: Shepherd%E2%80%99s-Call-diocesan-newsletter.png]
in SYSTEMPATH\Router\Router.php on line 766.
 1 SYSTEMPATH\Router\Router.php(217): CodeIgniter\Router\Router->checkDisallowedChars('Shepherd’s-Call-diocesan-newsletter.png')
 2 SYSTEMPATH\CodeIgniter.php(852): CodeIgniter\Router\Router->handle('Shepherd’s-Call-diocesan-newsletter.png')
 3 SYSTEMPATH\CodeIgniter.php(464): CodeIgniter\CodeIgniter->tryToRouteIt(Object(CodeIgniter\Router\RouteCollection))
 4 SYSTEMPATH\CodeIgniter.php(363): CodeIgniter\CodeIgniter->handleRequest(null, Object(Config\Cache), false)
 5 SYSTEMPATH\Boot.php(417): CodeIgniter\CodeIgniter->run()
 6 SYSTEMPATH\Boot.php(68): CodeIgniter\Boot::runCodeIgniter(Object(CodeIgniter\CodeIgniter))
 7 FCPATH\index.php(59): CodeIgniter\Boot::bootWeb(Object(Config\Paths))
 8 SYSTEMPATH\rewrite.php(44): require_once('C:\\Users\\dell\\Downloads\\diocese\\diocese\\diocese\\public\\index.php')
